---
Node1: withid:
---
+++
@@ -6,9 +6,9 @@
 
 
 ; BRAINSWAP_ID_BELOW
-IdentityChainID       = 8888881234567890123456789012345678901234567890123456789012345678
-LocalServerPrivKey    = 1234567890123456789012345678901234567890123456789012345678901234
-LocalServerPublicKey  = 9876543210987654321098765432109876543210987654321098765432109876
-ChangeAcksHeight      = 87432
+IdentityChainID       = 8888886789012345678901234567890123456789012345678901234567890123
+LocalServerPrivKey    = 6789012345678901234567890123456789012345678901234567890123456789
+LocalServerPublicKey  = 4321098765432109876543210987654321098765432109876543210987654321
+ChangeAcksHeight      = 123456
 
 More space below
---
Node2: otherid:
---
+++
@@ -4,11 +4,11 @@
 [app]
 Space
 
-IdentityChainID       = 8888886789012345678901234567890123456789012345678901234567890123
-LocalServerPrivKey    = 6789012345678901234567890123456789012345678901234567890123456789
-LocalServerPublicKey  = 4321098765432109876543210987654321098765432109876543210987654321
-ChangeAcksHeight      = 87432
 
 ; BRAINSWAP_ID_BELOW
+IdentityChainID       = 8888881234567890123456789012345678901234567890123456789012345678
+LocalServerPrivKey    = 1234567890123456789012345678901234567890123456789012345678901234
+LocalServerPublicKey  = 9876543210987654321098765432109876543210987654321098765432109876
+ChangeAcksHeight      = 123456
 
 More space below
---
